[
  {
    "role": "user",
    "content": "greet me",
    "token_usage": {
      "InputTokens": 0,
      "OutputTokens": 0,
      "TotalTokens": 0
    }
  },
  {
    "role": "assistant",
    "content": "Hello! I hope you're having a wonderful day. I'm here to help you with any questions or tasks you might have. How can I assist you today?",
    "token_usage": {
      "InputTokens": 27,
      "OutputTokens": 36,
      "TotalTokens": 63
    }
  }
]